// Jest Snapshot v1, https://goo.gl/fbAQLP

exports[`RegistrationScreen exists components RegistrationScreen exists components - test snapshot 1`] = `
<Fragment>
  <SvgMock
    height="100%"
    style={
      Object {
        "bottom": 0,
        "left": 0,
        "position": "absolute",
        "right": 0,
        "top": 0,
      }
    }
    width="100%"
  />
  <View
    style={
      Object {
        "flex": 10,
        "padding": 10,
      }
    }
  >
    <Themed.Text
      h3={true}
      style={
        Object {
          "color": "#00a8f3",
          "elevation": 1,
          "flex": 3,
          "textAlign": "center",
          "textAlignVertical": "center",
        }
      }
      testId="tstCaption"
    >
      Ecommerce
      

      Store
    </Themed.Text>
    <KeyboardAvoidingView
      behavior="height"
      enabled={true}
      keyboardVerticalOffset={0}
      style={
        Object {
          "flex": 4,
          "justifyContent": "flex-end",
          "marginBottom": 20,
        }
      }
    >
      <ForwardRef(Themed.Input)
        containerStyle={Object {}}
        onChangeText={[Function]}
        placeholder="Full Name"
        testId="tstFullName"
        value=""
      />
      <ForwardRef(Themed.Input)
        containerStyle={Object {}}
        onChangeText={[Function]}
        placeholder="Email Address"
        testId="tstEmailAddress"
        value=""
      />
      <ForwardRef(Themed.Input)
        containerStyle={Object {}}
        onChangeText={[Function]}
        placeholder="Password"
        secureTextEntry={true}
        testId="tstPassword"
        value=""
      />
      <ForwardRef(Themed.Input)
        containerStyle={Object {}}
        onChangeText={[Function]}
        placeholder="Confirm Password"
        secureTextEntry={true}
        testId="tstConfirmPassword"
        value=""
      />
    </KeyboardAvoidingView>
    <View
      style={
        Object {
          "flex": 3,
          "paddingHorizontal": 10,
        }
      }
    >
      <ForwardRef(Themed.Button)
        testId="tstSignUp"
        title="SIGN UP"
      />
      <Themed.Text
        style={
          Object {
            "color": "#436bff",
            "fontSize": 18,
            "marginTop": 6,
            "textAlign": "center",
          }
        }
        testId="tstSignIn"
      >
        Already have account? Sign in
      </Themed.Text>
    </View>
  </View>
</Fragment>
`;
