// Jest Snapshot v1, https://goo.gl/fbAQLP

exports[`LoginScreen exists components LoginScreen exists components - test snapshot 1`] = `
<Fragment>
  <SvgMock
    height="100%"
    style={
      Object {
        "bottom": 0,
        "left": 0,
        "position": "absolute",
        "right": 0,
        "top": 0,
      }
    }
    width="100%"
  />
  <View
    style={
      Object {
        "flex": 12,
        "padding": 10,
      }
    }
  >
    <Themed.Text
      h3={true}
      style={
        Object {
          "color": "#00a8f3",
          "elevation": 1,
          "flex": 6,
          "textAlign": "center",
          "textAlignVertical": "center",
        }
      }
      testId="tstCaption"
    >
      Ecommerce
      

      Store
    </Themed.Text>
    <KeyboardAvoidingView
      behavior="height"
      enabled={true}
      keyboardVerticalOffset={0}
      style={
        Object {
          "flex": 3,
        }
      }
    >
      <ForwardRef(Themed.Input)
        onChangeText={[Function]}
        placeholder="Email Address"
        testId="tstEmailAddress"
        value=""
      />
      <ForwardRef(Themed.Input)
        onChangeText={[Function]}
        placeholder="Password"
        secureTextEntry={true}
        testId="tstPassword"
        value=""
      />
      <Themed.Text
        style={
          Object {
            "color": "#436bff",
            "fontSize": 18,
            "textAlign": "right",
          }
        }
        testId="tstForgotPassword"
      >
        Forgot Password ?
      </Themed.Text>
    </KeyboardAvoidingView>
    <View
      style={
        Object {
          "flex": 2,
          "marginTop": -20,
        }
      }
    >
      <ForwardRef(Themed.Button)
        onPress={[Function]}
        testId="tstSignIn"
        title="SIGN IN"
      />
      <Themed.Text
        style={
          Object {
            "color": "#436bff",
            "fontSize": 18,
            "marginTop": 6,
            "textAlign": "center",
          }
        }
        testId="tstSignUp"
      >
        New Here? Sign Up
      </Themed.Text>
    </View>
    <ForwardRef(Themed.Button)
      containerStyle={
        Object {
          "alignSelf": "center",
          "flex": 1,
          "justifyContent": "flex-end",
        }
      }
      icon={
        <Icon
          allowFontScaling={false}
          color="#00a8f3"
          name="arrow-right"
          size={20}
        />
      }
      iconRight={true}
      testId="tstSkipLogin"
      title="SKIP LOGIN "
      type="clear"
    />
  </View>
</Fragment>
`;
