// Jest Snapshot v1, https://goo.gl/fbAQLP

exports[`RegistrationScreen exists components RegistrationScreen exists components - test snapshot 1`] = `
<Provider
  store={
    Object {
      "@@observable": [Function],
      "dispatch": [Function],
      "getState": [Function],
      "replaceReducer": [Function],
      "subscribe": [Function],
    }
  }
>
  <LoginScreen />
</Provider>
`;
